[2026-08-07T21:04:37.952Z] [INFO] Starting In-Memory MongoDB Server for MVP...
[2026-08-07T21:04:37.960Z] [INFO] Server running in development mode on port 5000
[2026-08-07T21:04:42.176Z] [INFO] MongoDB Connected: 127.0.0.1
[2026-08-07T21:04:42.223Z] [INFO] Database is empty. Seeding mock products...
[2026-08-07T21:04:42.289Z] [INFO] Successfully seeded 60 products.
[2026-08-07T21:25:21.973Z] [INFO] Starting In-Memory MongoDB Server for MVP...
[2026-08-07T21:25:21.978Z] [INFO] Server running in development mode on port 5000
[2026-08-07T21:25:22.418Z] [INFO] MongoDB Connected: 127.0.0.1
[2026-08-07T21:25:22.451Z] [INFO] Database is empty. Seeding mock products...
[2026-08-07T21:25:22.566Z] [INFO] Successfully seeded 60 products.
[2026-08-07T21:30:55.807Z] [INFO] Starting In-Memory MongoDB Server for MVP...
[2026-08-07T21:30:55.813Z] [INFO] Server running in development mode on port 5000
[2026-08-07T21:30:56.325Z] [INFO] MongoDB Connected: 127.0.0.1
[2026-08-07T21:30:56.350Z] [INFO] Database is empty. Seeding mock products...
[2026-08-07T21:30:56.536Z] [INFO] Successfully seeded 60 products.
[2026-08-07T21:42:04.115Z] [ERROR] [GET] /api/v1/products/1 >> StatusCode:: 500, Message:: Cast to ObjectId failed for value "1" (type string) at path "_id" for model "Product" - CastError: Cast to ObjectId failed for value "1" (type string) at path "_id" for model "Product"
    at SchemaObjectId.cast (C:\Users\manik\Music\discover engine\node_modules\mongoose\lib\schema\objectId.js:253:11)
    at SchemaType.applySetters (C:\Users\manik\Music\discover engine\node_modules\mongoose\lib\schemaType.js:1288:12)
    at SchemaType.castForQuery (C:\Users\manik\Music\discover engine\node_modules\mongoose\lib\schemaType.js:1718:17)
    at cast (C:\Users\manik\Music\discover engine\node_modules\mongoose\lib\cast.js:390:32)
    at Query.cast (C:\Users\manik\Music\discover engine\node_modules\mongoose\lib\query.js:5060:12)
    at Query._castConditions (C:\Users\manik\Music\discover engine\node_modules\mongoose\lib\query.js:2374:10)
    at model.Query._findOne (C:\Users\manik\Music\discover engine\node_modules\mongoose\lib\query.js:2697:8)
    at model.Query.exec (C:\Users\manik\Music\discover engine\node_modules\mongoose\lib\query.js:4627:80)
    at process.processTicksAndRejections (node:internal/process/task_queues:105:5)
    at async Module.getProductById (file:///C:/Users/manik/Music/discover%20engine/src/services/product/product.service.js:50:19)
[2026-08-07T21:42:41.348Z] [ERROR] [GET] /api/v1/products/4 >> StatusCode:: 500, Message:: Cast to ObjectId failed for value "4" (type string) at path "_id" for model "Product" - CastError: Cast to ObjectId failed for value "4" (type string) at path "_id" for model "Product"
    at SchemaObjectId.cast (C:\Users\manik\Music\discover engine\node_modules\mongoose\lib\schema\objectId.js:253:11)
    at SchemaType.applySetters (C:\Users\manik\Music\discover engine\node_modules\mongoose\lib\schemaType.js:1288:12)
    at SchemaType.castForQuery (C:\Users\manik\Music\discover engine\node_modules\mongoose\lib\schemaType.js:1718:17)
    at cast (C:\Users\manik\Music\discover engine\node_modules\mongoose\lib\cast.js:390:32)
    at Query.cast (C:\Users\manik\Music\discover engine\node_modules\mongoose\lib\query.js:5060:12)
    at Query._castConditions (C:\Users\manik\Music\discover engine\node_modules\mongoose\lib\query.js:2374:10)
    at model.Query._findOne (C:\Users\manik\Music\discover engine\node_modules\mongoose\lib\query.js:2697:8)
    at model.Query.exec (C:\Users\manik\Music\discover engine\node_modules\mongoose\lib\query.js:4627:80)
    at process.processTicksAndRejections (node:internal/process/task_queues:105:5)
    at async Module.getProductById (file:///C:/Users/manik/Music/discover%20engine/src/services/product/product.service.js:50:19)
[2026-08-07T21:42:41.354Z] [ERROR] [GET] /api/v1/products/4 >> StatusCode:: 500, Message:: Cast to ObjectId failed for value "4" (type string) at path "_id" for model "Product" - CastError: Cast to ObjectId failed for value "4" (type string) at path "_id" for model "Product"
    at SchemaObjectId.cast (C:\Users\manik\Music\discover engine\node_modules\mongoose\lib\schema\objectId.js:253:11)
    at SchemaType.applySetters (C:\Users\manik\Music\discover engine\node_modules\mongoose\lib\schemaType.js:1288:12)
    at SchemaType.castForQuery (C:\Users\manik\Music\discover engine\node_modules\mongoose\lib\schemaType.js:1718:17)
    at cast (C:\Users\manik\Music\discover engine\node_modules\mongoose\lib\cast.js:390:32)
    at Query.cast (C:\Users\manik\Music\discover engine\node_modules\mongoose\lib\query.js:5060:12)
    at Query._castConditions (C:\Users\manik\Music\discover engine\node_modules\mongoose\lib\query.js:2374:10)
    at model.Query._findOne (C:\Users\manik\Music\discover engine\node_modules\mongoose\lib\query.js:2697:8)
    at model.Query.exec (C:\Users\manik\Music\discover engine\node_modules\mongoose\lib\query.js:4627:80)
    at process.processTicksAndRejections (node:internal/process/task_queues:105:5)
    at async Module.getProductById (file:///C:/Users/manik/Music/discover%20engine/src/services/product/product.service.js:50:19)
[2026-08-07T21:42:45.856Z] [ERROR] [GET] /api/v1/products/104 >> StatusCode:: 500, Message:: Cast to ObjectId failed for value "104" (type string) at path "_id" for model "Product" - CastError: Cast to ObjectId failed for value "104" (type string) at path "_id" for model "Product"
    at SchemaObjectId.cast (C:\Users\manik\Music\discover engine\node_modules\mongoose\lib\schema\objectId.js:253:11)
    at SchemaType.applySetters (C:\Users\manik\Music\discover engine\node_modules\mongoose\lib\schemaType.js:1288:12)
    at SchemaType.castForQuery (C:\Users\manik\Music\discover engine\node_modules\mongoose\lib\schemaType.js:1718:17)
    at cast (C:\Users\manik\Music\discover engine\node_modules\mongoose\lib\cast.js:390:32)
    at Query.cast (C:\Users\manik\Music\discover engine\node_modules\mongoose\lib\query.js:5060:12)
    at Query._castConditions (C:\Users\manik\Music\discover engine\node_modules\mongoose\lib\query.js:2374:10)
    at model.Query._findOne (C:\Users\manik\Music\discover engine\node_modules\mongoose\lib\query.js:2697:8)
    at model.Query.exec (C:\Users\manik\Music\discover engine\node_modules\mongoose\lib\query.js:4627:80)
    at process.processTicksAndRejections (node:internal/process/task_queues:105:5)
    at async Module.getProductById (file:///C:/Users/manik/Music/discover%20engine/src/services/product/product.service.js:50:19)
[2026-08-07T21:42:45.863Z] [ERROR] [GET] /api/v1/products/104 >> StatusCode:: 500, Message:: Cast to ObjectId failed for value "104" (type string) at path "_id" for model "Product" - CastError: Cast to ObjectId failed for value "104" (type string) at path "_id" for model "Product"
    at SchemaObjectId.cast (C:\Users\manik\Music\discover engine\node_modules\mongoose\lib\schema\objectId.js:253:11)
    at SchemaType.applySetters (C:\Users\manik\Music\discover engine\node_modules\mongoose\lib\schemaType.js:1288:12)
    at SchemaType.castForQuery (C:\Users\manik\Music\discover engine\node_modules\mongoose\lib\schemaType.js:1718:17)
    at cast (C:\Users\manik\Music\discover engine\node_modules\mongoose\lib\cast.js:390:32)
    at Query.cast (C:\Users\manik\Music\discover engine\node_modules\mongoose\lib\query.js:5060:12)
    at Query._castConditions (C:\Users\manik\Music\discover engine\node_modules\mongoose\lib\query.js:2374:10)
    at model.Query._findOne (C:\Users\manik\Music\discover engine\node_modules\mongoose\lib\query.js:2697:8)
    at model.Query.exec (C:\Users\manik\Music\discover engine\node_modules\mongoose\lib\query.js:4627:80)
    at process.processTicksAndRejections (node:internal/process/task_queues:105:5)
    at async Module.getProductById (file:///C:/Users/manik/Music/discover%20engine/src/services/product/product.service.js:50:19)
[2026-08-07T21:43:11.750Z] [ERROR] [GET] /api/v1/products/1 >> StatusCode:: 500, Message:: Cast to ObjectId failed for value "1" (type string) at path "_id" for model "Product" - CastError: Cast to ObjectId failed for value "1" (type string) at path "_id" for model "Product"
    at SchemaObjectId.cast (C:\Users\manik\Music\discover engine\node_modules\mongoose\lib\schema\objectId.js:253:11)
    at SchemaType.applySetters (C:\Users\manik\Music\discover engine\node_modules\mongoose\lib\schemaType.js:1288:12)
    at SchemaType.castForQuery (C:\Users\manik\Music\discover engine\node_modules\mongoose\lib\schemaType.js:1718:17)
    at cast (C:\Users\manik\Music\discover engine\node_modules\mongoose\lib\cast.js:390:32)
    at Query.cast (C:\Users\manik\Music\discover engine\node_modules\mongoose\lib\query.js:5060:12)
    at Query._castConditions (C:\Users\manik\Music\discover engine\node_modules\mongoose\lib\query.js:2374:10)
    at model.Query._findOne (C:\Users\manik\Music\discover engine\node_modules\mongoose\lib\query.js:2697:8)
    at model.Query.exec (C:\Users\manik\Music\discover engine\node_modules\mongoose\lib\query.js:4627:80)
    at process.processTicksAndRejections (node:internal/process/task_queues:105:5)
    at async Module.getProductById (file:///C:/Users/manik/Music/discover%20engine/src/services/product/product.service.js:50:19)
[2026-08-07T21:43:11.758Z] [ERROR] [GET] /api/v1/products/1 >> StatusCode:: 500, Message:: Cast to ObjectId failed for value "1" (type string) at path "_id" for model "Product" - CastError: Cast to ObjectId failed for value "1" (type string) at path "_id" for model "Product"
    at SchemaObjectId.cast (C:\Users\manik\Music\discover engine\node_modules\mongoose\lib\schema\objectId.js:253:11)
    at SchemaType.applySetters (C:\Users\manik\Music\discover engine\node_modules\mongoose\lib\schemaType.js:1288:12)
    at SchemaType.castForQuery (C:\Users\manik\Music\discover engine\node_modules\mongoose\lib\schemaType.js:1718:17)
    at cast (C:\Users\manik\Music\discover engine\node_modules\mongoose\lib\cast.js:390:32)
    at Query.cast (C:\Users\manik\Music\discover engine\node_modules\mongoose\lib\query.js:5060:12)
    at Query._castConditions (C:\Users\manik\Music\discover engine\node_modules\mongoose\lib\query.js:2374:10)
    at model.Query._findOne (C:\Users\manik\Music\discover engine\node_modules\mongoose\lib\query.js:2697:8)
    at model.Query.exec (C:\Users\manik\Music\discover engine\node_modules\mongoose\lib\query.js:4627:80)
    at process.processTicksAndRejections (node:internal/process/task_queues:105:5)
    at async Module.getProductById (file:///C:/Users/manik/Music/discover%20engine/src/services/product/product.service.js:50:19)
[2026-08-07T21:47:49.817Z] [ERROR] [GET] /api/v1/products/101 >> StatusCode:: 500, Message:: Cast to ObjectId failed for value "101" (type string) at path "_id" for model "Product" - CastError: Cast to ObjectId failed for value "101" (type string) at path "_id" for model "Product"
    at SchemaObjectId.cast (C:\Users\manik\Music\discover engine\node_modules\mongoose\lib\schema\objectId.js:253:11)
    at SchemaType.applySetters (C:\Users\manik\Music\discover engine\node_modules\mongoose\lib\schemaType.js:1288:12)
    at SchemaType.castForQuery (C:\Users\manik\Music\discover engine\node_modules\mongoose\lib\schemaType.js:1718:17)
    at cast (C:\Users\manik\Music\discover engine\node_modules\mongoose\lib\cast.js:390:32)
    at Query.cast (C:\Users\manik\Music\discover engine\node_modules\mongoose\lib\query.js:5060:12)
    at Query._castConditions (C:\Users\manik\Music\discover engine\node_modules\mongoose\lib\query.js:2374:10)
    at model.Query._findOne (C:\Users\manik\Music\discover engine\node_modules\mongoose\lib\query.js:2697:8)
    at model.Query.exec (C:\Users\manik\Music\discover engine\node_modules\mongoose\lib\query.js:4627:80)
    at process.processTicksAndRejections (node:internal/process/task_queues:105:5)
    at async Module.getProductById (file:///C:/Users/manik/Music/discover%20engine/src/services/product/product.service.js:50:19)
[2026-08-07T21:50:20.090Z] [INFO] Starting In-Memory MongoDB Server for MVP...
[2026-08-07T21:50:20.094Z] [INFO] Server running in development mode on port 5000
[2026-08-07T21:50:20.589Z] [INFO] MongoDB Connected: 127.0.0.1
[2026-08-07T21:50:20.619Z] [INFO] Database is empty. Seeding mock products...
[2026-08-07T21:50:20.651Z] [INFO] Successfully seeded 60 products.
[2026-08-07T21:51:21.132Z] [ERROR] [GET] /api/v1/products/1 >> StatusCode:: 500, Message:: Cast to ObjectId failed for value "1" (type string) at path "_id" for model "Product" - CastError: Cast to ObjectId failed for value "1" (type string) at path "_id" for model "Product"
    at SchemaObjectId.cast (C:\Users\manik\Music\discover engine\node_modules\mongoose\lib\schema\objectId.js:253:11)
    at SchemaType.applySetters (C:\Users\manik\Music\discover engine\node_modules\mongoose\lib\schemaType.js:1288:12)
    at SchemaType.castForQuery (C:\Users\manik\Music\discover engine\node_modules\mongoose\lib\schemaType.js:1718:17)
    at cast (C:\Users\manik\Music\discover engine\node_modules\mongoose\lib\cast.js:390:32)
    at Query.cast (C:\Users\manik\Music\discover engine\node_modules\mongoose\lib\query.js:5060:12)
    at Query._castConditions (C:\Users\manik\Music\discover engine\node_modules\mongoose\lib\query.js:2374:10)
    at model.Query._findOne (C:\Users\manik\Music\discover engine\node_modules\mongoose\lib\query.js:2697:8)
    at model.Query.exec (C:\Users\manik\Music\discover engine\node_modules\mongoose\lib\query.js:4627:80)
    at process.processTicksAndRejections (node:internal/process/task_queues:105:5)
    at async Module.getProductById (file:///C:/Users/manik/Music/discover%20engine/src/services/product/product.service.js:50:19)
[2026-08-07T21:52:24.250Z] [ERROR] [GET] /api/v1/products/2 >> StatusCode:: 500, Message:: Cast to ObjectId failed for value "2" (type string) at path "_id" for model "Product" - CastError: Cast to ObjectId failed for value "2" (type string) at path "_id" for model "Product"
    at SchemaObjectId.cast (C:\Users\manik\Music\discover engine\node_modules\mongoose\lib\schema\objectId.js:253:11)
    at SchemaType.applySetters (C:\Users\manik\Music\discover engine\node_modules\mongoose\lib\schemaType.js:1288:12)
    at SchemaType.castForQuery (C:\Users\manik\Music\discover engine\node_modules\mongoose\lib\schemaType.js:1718:17)
    at cast (C:\Users\manik\Music\discover engine\node_modules\mongoose\lib\cast.js:390:32)
    at Query.cast (C:\Users\manik\Music\discover engine\node_modules\mongoose\lib\query.js:5060:12)
    at Query._castConditions (C:\Users\manik\Music\discover engine\node_modules\mongoose\lib\query.js:2374:10)
    at model.Query._findOne (C:\Users\manik\Music\discover engine\node_modules\mongoose\lib\query.js:2697:8)
    at model.Query.exec (C:\Users\manik\Music\discover engine\node_modules\mongoose\lib\query.js:4627:80)
    at process.processTicksAndRejections (node:internal/process/task_queues:105:5)
    at async Module.getProductById (file:///C:/Users/manik/Music/discover%20engine/src/services/product/product.service.js:50:19)
[2026-08-07T21:52:24.261Z] [ERROR] [GET] /api/v1/products/2 >> StatusCode:: 500, Message:: Cast to ObjectId failed for value "2" (type string) at path "_id" for model "Product" - CastError: Cast to ObjectId failed for value "2" (type string) at path "_id" for model "Product"
    at SchemaObjectId.cast (C:\Users\manik\Music\discover engine\node_modules\mongoose\lib\schema\objectId.js:253:11)
    at SchemaType.applySetters (C:\Users\manik\Music\discover engine\node_modules\mongoose\lib\schemaType.js:1288:12)
    at SchemaType.castForQuery (C:\Users\manik\Music\discover engine\node_modules\mongoose\lib\schemaType.js:1718:17)
    at cast (C:\Users\manik\Music\discover engine\node_modules\mongoose\lib\cast.js:390:32)
    at Query.cast (C:\Users\manik\Music\discover engine\node_modules\mongoose\lib\query.js:5060:12)
    at Query._castConditions (C:\Users\manik\Music\discover engine\node_modules\mongoose\lib\query.js:2374:10)
    at model.Query._findOne (C:\Users\manik\Music\discover engine\node_modules\mongoose\lib\query.js:2697:8)
    at model.Query.exec (C:\Users\manik\Music\discover engine\node_modules\mongoose\lib\query.js:4627:80)
    at process.processTicksAndRejections (node:internal/process/task_queues:105:5)
    at async Module.getProductById (file:///C:/Users/manik/Music/discover%20engine/src/services/product/product.service.js:50:19)
[2026-08-07T21:56:36.411Z] [ERROR] [GET] /api/v1/products/2 >> StatusCode:: 500, Message:: Cast to ObjectId failed for value "2" (type string) at path "_id" for model "Product" - CastError: Cast to ObjectId failed for value "2" (type string) at path "_id" for model "Product"
    at SchemaObjectId.cast (C:\Users\manik\Music\discover engine\node_modules\mongoose\lib\schema\objectId.js:253:11)
    at SchemaType.applySetters (C:\Users\manik\Music\discover engine\node_modules\mongoose\lib\schemaType.js:1288:12)
    at SchemaType.castForQuery (C:\Users\manik\Music\discover engine\node_modules\mongoose\lib\schemaType.js:1718:17)
    at cast (C:\Users\manik\Music\discover engine\node_modules\mongoose\lib\cast.js:390:32)
    at Query.cast (C:\Users\manik\Music\discover engine\node_modules\mongoose\lib\query.js:5060:12)
    at Query._castConditions (C:\Users\manik\Music\discover engine\node_modules\mongoose\lib\query.js:2374:10)
    at model.Query._findOne (C:\Users\manik\Music\discover engine\node_modules\mongoose\lib\query.js:2697:8)
    at model.Query.exec (C:\Users\manik\Music\discover engine\node_modules\mongoose\lib\query.js:4627:80)
    at process.processTicksAndRejections (node:internal/process/task_queues:105:5)
    at async Module.getProductById (file:///C:/Users/manik/Music/discover%20engine/src/services/product/product.service.js:50:19)
[2026-08-07T21:56:36.420Z] [ERROR] [GET] /api/v1/products/2 >> StatusCode:: 500, Message:: Cast to ObjectId failed for value "2" (type string) at path "_id" for model "Product" - CastError: Cast to ObjectId failed for value "2" (type string) at path "_id" for model "Product"
    at SchemaObjectId.cast (C:\Users\manik\Music\discover engine\node_modules\mongoose\lib\schema\objectId.js:253:11)
    at SchemaType.applySetters (C:\Users\manik\Music\discover engine\node_modules\mongoose\lib\schemaType.js:1288:12)
    at SchemaType.castForQuery (C:\Users\manik\Music\discover engine\node_modules\mongoose\lib\schemaType.js:1718:17)
    at cast (C:\Users\manik\Music\discover engine\node_modules\mongoose\lib\cast.js:390:32)
    at Query.cast (C:\Users\manik\Music\discover engine\node_modules\mongoose\lib\query.js:5060:12)
    at Query._castConditions (C:\Users\manik\Music\discover engine\node_modules\mongoose\lib\query.js:2374:10)
    at model.Query._findOne (C:\Users\manik\Music\discover engine\node_modules\mongoose\lib\query.js:2697:8)
    at model.Query.exec (C:\Users\manik\Music\discover engine\node_modules\mongoose\lib\query.js:4627:80)
    at process.processTicksAndRejections (node:internal/process/task_queues:105:5)
    at async Module.getProductById (file:///C:/Users/manik/Music/discover%20engine/src/services/product/product.service.js:50:19)
[2026-08-07T21:56:41.047Z] [ERROR] [GET] /api/v1/products/4 >> StatusCode:: 500, Message:: Cast to ObjectId failed for value "4" (type string) at path "_id" for model "Product" - CastError: Cast to ObjectId failed for value "4" (type string) at path "_id" for model "Product"
    at SchemaObjectId.cast (C:\Users\manik\Music\discover engine\node_modules\mongoose\lib\schema\objectId.js:253:11)
    at SchemaType.applySetters (C:\Users\manik\Music\discover engine\node_modules\mongoose\lib\schemaType.js:1288:12)
    at SchemaType.castForQuery (C:\Users\manik\Music\discover engine\node_modules\mongoose\lib\schemaType.js:1718:17)
    at cast (C:\Users\manik\Music\discover engine\node_modules\mongoose\lib\cast.js:390:32)
    at Query.cast (C:\Users\manik\Music\discover engine\node_modules\mongoose\lib\query.js:5060:12)
    at Query._castConditions (C:\Users\manik\Music\discover engine\node_modules\mongoose\lib\query.js:2374:10)
    at model.Query._findOne (C:\Users\manik\Music\discover engine\node_modules\mongoose\lib\query.js:2697:8)
    at model.Query.exec (C:\Users\manik\Music\discover engine\node_modules\mongoose\lib\query.js:4627:80)
    at process.processTicksAndRejections (node:internal/process/task_queues:105:5)
    at async Module.getProductById (file:///C:/Users/manik/Music/discover%20engine/src/services/product/product.service.js:50:19)
[2026-08-07T21:56:41.058Z] [ERROR] [GET] /api/v1/products/4 >> StatusCode:: 500, Message:: Cast to ObjectId failed for value "4" (type string) at path "_id" for model "Product" - CastError: Cast to ObjectId failed for value "4" (type string) at path "_id" for model "Product"
    at SchemaObjectId.cast (C:\Users\manik\Music\discover engine\node_modules\mongoose\lib\schema\objectId.js:253:11)
    at SchemaType.applySetters (C:\Users\manik\Music\discover engine\node_modules\mongoose\lib\schemaType.js:1288:12)
    at SchemaType.castForQuery (C:\Users\manik\Music\discover engine\node_modules\mongoose\lib\schemaType.js:1718:17)
    at cast (C:\Users\manik\Music\discover engine\node_modules\mongoose\lib\cast.js:390:32)
    at Query.cast (C:\Users\manik\Music\discover engine\node_modules\mongoose\lib\query.js:5060:12)
    at Query._castConditions (C:\Users\manik\Music\discover engine\node_modules\mongoose\lib\query.js:2374:10)
    at model.Query._findOne (C:\Users\manik\Music\discover engine\node_modules\mongoose\lib\query.js:2697:8)
    at model.Query.exec (C:\Users\manik\Music\discover engine\node_modules\mongoose\lib\query.js:4627:80)
    at process.processTicksAndRejections (node:internal/process/task_queues:105:5)
    at async Module.getProductById (file:///C:/Users/manik/Music/discover%20engine/src/services/product/product.service.js:50:19)
[2026-08-07T23:58:45.751Z] [ERROR] [GET] /api/v1/products/4 >> StatusCode:: 500, Message:: Cast to ObjectId failed for value "4" (type string) at path "_id" for model "Product" - CastError: Cast to ObjectId failed for value "4" (type string) at path "_id" for model "Product"
    at SchemaObjectId.cast (C:\Users\manik\Music\discover engine\node_modules\mongoose\lib\schema\objectId.js:253:11)
    at SchemaType.applySetters (C:\Users\manik\Music\discover engine\node_modules\mongoose\lib\schemaType.js:1288:12)
    at SchemaType.castForQuery (C:\Users\manik\Music\discover engine\node_modules\mongoose\lib\schemaType.js:1718:17)
    at cast (C:\Users\manik\Music\discover engine\node_modules\mongoose\lib\cast.js:390:32)
    at Query.cast (C:\Users\manik\Music\discover engine\node_modules\mongoose\lib\query.js:5060:12)
    at Query._castConditions (C:\Users\manik\Music\discover engine\node_modules\mongoose\lib\query.js:2374:10)
    at model.Query._findOne (C:\Users\manik\Music\discover engine\node_modules\mongoose\lib\query.js:2697:8)
    at model.Query.exec (C:\Users\manik\Music\discover engine\node_modules\mongoose\lib\query.js:4627:80)
    at process.processTicksAndRejections (node:internal/process/task_queues:105:5)
    at async Module.getProductById (file:///C:/Users/manik/Music/discover%20engine/src/services/product/product.service.js:50:19)
[2026-08-07T23:58:45.771Z] [ERROR] [GET] /api/v1/products/4 >> StatusCode:: 500, Message:: Cast to ObjectId failed for value "4" (type string) at path "_id" for model "Product" - CastError: Cast to ObjectId failed for value "4" (type string) at path "_id" for model "Product"
    at SchemaObjectId.cast (C:\Users\manik\Music\discover engine\node_modules\mongoose\lib\schema\objectId.js:253:11)
    at SchemaType.applySetters (C:\Users\manik\Music\discover engine\node_modules\mongoose\lib\schemaType.js:1288:12)
    at SchemaType.castForQuery (C:\Users\manik\Music\discover engine\node_modules\mongoose\lib\schemaType.js:1718:17)
    at cast (C:\Users\manik\Music\discover engine\node_modules\mongoose\lib\cast.js:390:32)
    at Query.cast (C:\Users\manik\Music\discover engine\node_modules\mongoose\lib\query.js:5060:12)
    at Query._castConditions (C:\Users\manik\Music\discover engine\node_modules\mongoose\lib\query.js:2374:10)
    at model.Query._findOne (C:\Users\manik\Music\discover engine\node_modules\mongoose\lib\query.js:2697:8)
    at model.Query.exec (C:\Users\manik\Music\discover engine\node_modules\mongoose\lib\query.js:4627:80)
    at process.processTicksAndRejections (node:internal/process/task_queues:105:5)
    at async Module.getProductById (file:///C:/Users/manik/Music/discover%20engine/src/services/product/product.service.js:50:19)
[2026-08-08T00:00:37.631Z] [ERROR] [GET] /api/v1/products/1 >> StatusCode:: 500, Message:: Cast to ObjectId failed for value "1" (type string) at path "_id" for model "Product" - CastError: Cast to ObjectId failed for value "1" (type string) at path "_id" for model "Product"
    at SchemaObjectId.cast (C:\Users\manik\Music\discover engine\node_modules\mongoose\lib\schema\objectId.js:253:11)
    at SchemaType.applySetters (C:\Users\manik\Music\discover engine\node_modules\mongoose\lib\schemaType.js:1288:12)
    at SchemaType.castForQuery (C:\Users\manik\Music\discover engine\node_modules\mongoose\lib\schemaType.js:1718:17)
    at cast (C:\Users\manik\Music\discover engine\node_modules\mongoose\lib\cast.js:390:32)
    at Query.cast (C:\Users\manik\Music\discover engine\node_modules\mongoose\lib\query.js:5060:12)
    at Query._castConditions (C:\Users\manik\Music\discover engine\node_modules\mongoose\lib\query.js:2374:10)
    at model.Query._findOne (C:\Users\manik\Music\discover engine\node_modules\mongoose\lib\query.js:2697:8)
    at model.Query.exec (C:\Users\manik\Music\discover engine\node_modules\mongoose\lib\query.js:4627:80)
    at process.processTicksAndRejections (node:internal/process/task_queues:105:5)
    at async Module.getProductById (file:///C:/Users/manik/Music/discover%20engine/src/services/product/product.service.js:50:19)
[2026-08-08T00:00:37.643Z] [ERROR] [GET] /api/v1/products/1 >> StatusCode:: 500, Message:: Cast to ObjectId failed for value "1" (type string) at path "_id" for model "Product" - CastError: Cast to ObjectId failed for value "1" (type string) at path "_id" for model "Product"
    at SchemaObjectId.cast (C:\Users\manik\Music\discover engine\node_modules\mongoose\lib\schema\objectId.js:253:11)
    at SchemaType.applySetters (C:\Users\manik\Music\discover engine\node_modules\mongoose\lib\schemaType.js:1288:12)
    at SchemaType.castForQuery (C:\Users\manik\Music\discover engine\node_modules\mongoose\lib\schemaType.js:1718:17)
    at cast (C:\Users\manik\Music\discover engine\node_modules\mongoose\lib\cast.js:390:32)
    at Query.cast (C:\Users\manik\Music\discover engine\node_modules\mongoose\lib\query.js:5060:12)
    at Query._castConditions (C:\Users\manik\Music\discover engine\node_modules\mongoose\lib\query.js:2374:10)
    at model.Query._findOne (C:\Users\manik\Music\discover engine\node_modules\mongoose\lib\query.js:2697:8)
    at model.Query.exec (C:\Users\manik\Music\discover engine\node_modules\mongoose\lib\query.js:4627:80)
    at process.processTicksAndRejections (node:internal/process/task_queues:105:5)
    at async Module.getProductById (file:///C:/Users/manik/Music/discover%20engine/src/services/product/product.service.js:50:19)
[2026-08-08T00:06:01.815Z] [ERROR] [GET] /api/v1/products/2 >> StatusCode:: 500, Message:: Cast to ObjectId failed for value "2" (type string) at path "_id" for model "Product" - CastError: Cast to ObjectId failed for value "2" (type string) at path "_id" for model "Product"
    at SchemaObjectId.cast (C:\Users\manik\Music\discover engine\node_modules\mongoose\lib\schema\objectId.js:253:11)
    at SchemaType.applySetters (C:\Users\manik\Music\discover engine\node_modules\mongoose\lib\schemaType.js:1288:12)
    at SchemaType.castForQuery (C:\Users\manik\Music\discover engine\node_modules\mongoose\lib\schemaType.js:1718:17)
    at cast (C:\Users\manik\Music\discover engine\node_modules\mongoose\lib\cast.js:390:32)
    at Query.cast (C:\Users\manik\Music\discover engine\node_modules\mongoose\lib\query.js:5060:12)
    at Query._castConditions (C:\Users\manik\Music\discover engine\node_modules\mongoose\lib\query.js:2374:10)
    at model.Query._findOne (C:\Users\manik\Music\discover engine\node_modules\mongoose\lib\query.js:2697:8)
    at model.Query.exec (C:\Users\manik\Music\discover engine\node_modules\mongoose\lib\query.js:4627:80)
    at process.processTicksAndRejections (node:internal/process/task_queues:105:5)
    at async Module.getProductById (file:///C:/Users/manik/Music/discover%20engine/src/services/product/product.service.js:50:19)
[2026-08-08T00:06:01.823Z] [ERROR] [GET] /api/v1/products/2 >> StatusCode:: 500, Message:: Cast to ObjectId failed for value "2" (type string) at path "_id" for model "Product" - CastError: Cast to ObjectId failed for value "2" (type string) at path "_id" for model "Product"
    at SchemaObjectId.cast (C:\Users\manik\Music\discover engine\node_modules\mongoose\lib\schema\objectId.js:253:11)
    at SchemaType.applySetters (C:\Users\manik\Music\discover engine\node_modules\mongoose\lib\schemaType.js:1288:12)
    at SchemaType.castForQuery (C:\Users\manik\Music\discover engine\node_modules\mongoose\lib\schemaType.js:1718:17)
    at cast (C:\Users\manik\Music\discover engine\node_modules\mongoose\lib\cast.js:390:32)
    at Query.cast (C:\Users\manik\Music\discover engine\node_modules\mongoose\lib\query.js:5060:12)
    at Query._castConditions (C:\Users\manik\Music\discover engine\node_modules\mongoose\lib\query.js:2374:10)
    at model.Query._findOne (C:\Users\manik\Music\discover engine\node_modules\mongoose\lib\query.js:2697:8)
    at model.Query.exec (C:\Users\manik\Music\discover engine\node_modules\mongoose\lib\query.js:4627:80)
    at process.processTicksAndRejections (node:internal/process/task_queues:105:5)
    at async Module.getProductById (file:///C:/Users/manik/Music/discover%20engine/src/services/product/product.service.js:50:19)
[2026-08-08T00:10:24.518Z] [INFO] Starting In-Memory MongoDB Server for MVP...
[2026-08-08T00:10:24.526Z] [INFO] Server running in development mode on port 5000
[2026-08-08T00:10:25.574Z] [INFO] MongoDB Connected: 127.0.0.1
[2026-08-08T00:10:25.735Z] [INFO] Database is empty. Seeding mock products...
[2026-08-08T00:10:25.964Z] [INFO] Successfully seeded 60 products.
[2026-08-08T00:10:40.389Z] [INFO] Starting In-Memory MongoDB Server for MVP...
[2026-08-08T00:10:40.401Z] [INFO] Server running in development mode on port 5000
[2026-08-08T00:10:41.131Z] [INFO] MongoDB Connected: 127.0.0.1
[2026-08-08T00:10:41.216Z] [INFO] Database is empty. Seeding mock products...
[2026-08-08T00:10:41.305Z] [INFO] Successfully seeded 60 products.
